\BOOKMARK [1][-]{section.1}{\376\377\273\070\301\034\000\040\272\251\310\001}{}% 1
\BOOKMARK [1][-]{section.2}{\376\377\325\004\270\134\310\035\322\270\000\040\325\134\000\040\311\004\000\040\306\224\305\175}{}% 2
\BOOKMARK [1][-]{section.3}{\376\377\310\034\305\110\301\034\000\040\302\335\254\374\000\040\317\124\264\334\307\130\000\040\305\360\254\260}{}% 3
\BOOKMARK [1][-]{section.4}{\376\377\300\254\306\251\307\220\254\000\000\040\310\025\325\130\262\224\000\040\307\205\270\045\254\022}{}% 4
\BOOKMARK [2][-]{subsection.4.1}{\376\377\326\025\300\301\254\022}{section.4}% 5
\BOOKMARK [2][-]{subsection.4.2}{\376\377\307\254\270\314\000\040\273\074\301\061\316\130}{section.4}% 6
\BOOKMARK [2][-]{subsection.4.3}{\376\377\273\064\314\050\306\320\326\124\000\040\256\060\311\000\254\022}{section.4}% 7
\BOOKMARK [2][-]{subsection.4.4}{\376\377\000S\000y\000n\000t\000h\000e\000t\000i\000c\000\040\000d\000a\000t\000a\306\251\000\040\000t\000r\000u\000e\000\040\000p\000a\000r\000a\000m\000e\000t\000e\000r}{section.4}% 8
\BOOKMARK [1][-]{section.5}{\376\377\307\220\263\331\000\040\254\304\300\260\254\022}{}% 9
\BOOKMARK [1][-]{section.6}{\376\377\314\050\306\320\000/\273\064\314\050\306\320\000\040\274\300\326\130\000\040\325\150\302\030}{}% 10
\BOOKMARK [2][-]{subsection.6.1}{\376\377\302\334\254\004\000\040\274\300\326\130}{section.6}% 11
\BOOKMARK [2][-]{subsection.6.2}{\376\377\000h\000\040\000a\000n\000d\000\040\000b\000e\000t\000a\000\040\000c\000o\000n\000v\000e\000r\000s\000i\000o\000n}{section.6}% 12
\BOOKMARK [2][-]{subsection.6.3}{\376\377\000q\0000\000\040\000a\000n\000d\000\040\000S\000\040\000c\000o\000n\000v\000e\000r\000s\000i\000o\000n}{section.6}% 13
\BOOKMARK [1][-]{section.7}{\376\377\000G\000a\000u\000s\000s\000i\000a\000n\000\040\000h\000e\000a\000t\000\040\000s\000o\000u\000r\000c\000e}{}% 14
\BOOKMARK [1][-]{section.8}{\376\377\000C\000u\000r\000r\000e\000n\000t\000\040\000p\000r\000o\000f\000i\000l\000e}{}% 15
\BOOKMARK [1][-]{section.9}{\376\377\000S\000y\000n\000t\000h\000e\000t\000i\000c\000\040\000s\000e\000n\000s\000o\000r\000\040\000d\000a\000t\000a}{}% 16
\BOOKMARK [1][-]{section.10}{\376\377\302\340\254\275\271\335\000\040\255\154\310\160}{}% 17
\BOOKMARK [1][-]{section.11}{\376\377\310\020\000\040\300\330\325\014\271\301}{}% 18
\BOOKMARK [1][-]{section.12}{\376\377\307\220\263\331\273\370\275\204}{}% 19
\BOOKMARK [1][-]{section.13}{\376\377\000L\000o\000s\000s\000\040\325\150\302\030}{}% 20
\BOOKMARK [2][-]{subsection.13.1}{\376\377\000P\000D\000E\000\040\000l\000o\000s\000s}{section.13}% 21
\BOOKMARK [2][-]{subsection.13.2}{\376\377\000I\000n\000i\000t\000i\000a\000l\000\040\000c\000o\000n\000d\000i\000t\000i\000o\000n\000\040\000l\000o\000s\000s}{section.13}% 22
\BOOKMARK [2][-]{subsection.13.3}{\376\377\000B\000o\000u\000n\000d\000a\000r\000y\000\040\000c\000o\000n\000d\000i\000t\000i\000o\000n\000\040\000l\000o\000s\000s}{section.13}% 23
\BOOKMARK [2][-]{subsection.13.4}{\376\377\000S\000e\000n\000s\000o\000r\000\040\000d\000a\000t\000a\000\040\000l\000o\000s\000s}{section.13}% 24
\BOOKMARK [1][-]{section.14}{\376\377\000m\000a\000i\000n\000\040\325\150\302\030}{}% 25
\BOOKMARK [1][-]{section.15}{\376\377\326\004\307\254\000\040\317\124\264\334\307\130\000\040\325\134\254\304}{}% 26
\BOOKMARK [1][-]{section.16}{\376\377\262\344\307\114\000\040\255\154\326\004\000\040\302\034\301\034}{}% 27
