\BOOKMARK [1][-]{section.1}{\376\377\273\070\301\034\000\040\272\251\310\001}{}% 1
\BOOKMARK [1][-]{section.2}{\376\377\261\170\322\270\275\201\000\040\310\004\314\264\000\040\327\120\271\204}{}% 2
\BOOKMARK [1][-]{section.3}{\376\377\301\100\000\040\0001\000:\000\040\310\034\272\251\254\374\000\040\272\251\310\001\000\040\301\044\272\205}{}% 3
\BOOKMARK [1][-]{section.4}{\376\377\301\100\000\040\0002\000:\000\040\000i\000m\000p\000o\000r\000t\306\100\000\040\302\344\325\211\000\040\326\130\254\275\000\040\301\044\310\025}{}% 4
\BOOKMARK [1][-]{section.5}{\376\377\301\100\000\040\0003\000:\000\040\325\131\302\265\000\040\301\044\310\025\000\040\305\110\260\264}{}% 5
\BOOKMARK [1][-]{section.6}{\376\377\301\100\000\040\0004\000:\000\040\325\131\302\265\000\040\000c\000o\000n\000f\000i\000g\000u\000r\000a\000t\000i\000o\000n\000\040\300\335\301\061}{}% 6
\BOOKMARK [1][-]{section.7}{\376\377\301\100\000\040\0005\000:\000\040\000P\000I\000N\000N\000\040\325\131\302\265\000\040\262\350\254\304\000\040\305\110\260\264}{}% 7
\BOOKMARK [1][-]{section.8}{\376\377\301\100\000\040\0006\000:\000\040\000D\000e\000e\000p\000X\000D\000E\000\040\000P\000I\000N\000N\000\040\325\131\302\265}{}% 8
\BOOKMARK [1][-]{section.9}{\376\377\301\100\000\040\0007\000:\000\040\000F\000D\000M\000\040\256\060\311\000\307\245\000\040\300\335\301\061\000\040\262\350\254\304\000\040\305\110\260\264}{}% 9
\BOOKMARK [1][-]{section.10}{\376\377\301\100\000\040\0008\000:\000\040\000e\000x\000p\000l\000i\000c\000i\000t\000\040\000F\000D\000M\000\040\000f\000u\000l\000l\000-\000f\000i\000e\000l\000d\000\040\000s\000o\000l\000v\000e\000r}{}% 10
\BOOKMARK [1][-]{section.11}{\376\377\301\100\000\040\0009\000:\000\040\000P\000I\000N\000N\000\040\306\010\316\041\000\040\262\350\254\304\000\040\305\110\260\264}{}% 11
\BOOKMARK [1][-]{section.12}{\376\377\301\100\000\040\0001\0000\000:\000\040\000P\000I\000N\000N\307\104\000\040\254\031\307\100\000\040\254\251\307\220\305\320\301\034\000\040\323\311\254\000}{}% 12
\BOOKMARK [1][-]{section.13}{\376\377\301\100\000\040\0001\0001\000:\000\040\000e\000r\000r\000o\000r\000\040\000m\000e\000t\000r\000i\000c\000\040\262\350\254\304\000\040\305\110\260\264}{}% 13
\BOOKMARK [1][-]{section.14}{\376\377\301\100\000\040\0001\0002\000:\000\040\000f\000u\000l\000l\000-\000f\000i\000e\000l\000d\000\040\000e\000r\000r\000o\000r\000\040\000m\000e\000t\000r\000i\000c\000\040\254\304\300\260}{}% 14
\BOOKMARK [1][-]{section.15}{\376\377\301\100\000\040\0001\0003\000:\000\040\000c\000o\000n\000t\000o\000u\000r\000\040\276\104\255\120\000\040\262\350\254\304\000\040\305\110\260\264}{}% 15
\BOOKMARK [1][-]{section.16}{\376\377\301\100\000\040\0001\0004\000:\000\040\000f\000u\000l\000l\000-\000f\000i\000e\000l\000d\000\040\000c\000o\000n\000t\000o\000u\000r\000\040\000p\000l\000o\000t}{}% 16
\BOOKMARK [1][-]{section.17}{\376\377\301\100\000\040\0001\0005\000:\000\040\000t\000i\000m\000e\000\040\000s\000l\000i\000c\000e\000\040\276\104\255\120\000\040\262\350\254\304\000\040\305\110\260\264}{}% 17
\BOOKMARK [1][-]{section.18}{\376\377\301\100\000\040\0001\0006\000:\000\040\000s\000e\000l\000e\000c\000t\000e\000d\000\040\000t\000i\000m\000e\000\040\000s\000l\000i\000c\000e\000\040\276\104\255\120}{}% 18
\BOOKMARK [1][-]{section.19}{\376\377\301\100\000\040\0001\0007\000:\000\040\000s\000e\000n\000s\000o\000r\000\040\000h\000i\000s\000t\000o\000r\000y\000\040\276\104\255\120\000\040\262\350\254\304\000\040\305\110\260\264}{}% 19
\BOOKMARK [1][-]{section.20}{\376\377\301\100\000\040\0001\0008\000:\000\040\000s\000e\000n\000s\000o\000r\000\040\307\004\316\130\274\304\000\040\000t\000i\000m\000e\000\040\000h\000i\000s\000t\000o\000r\000y\000\040\276\104\255\120}{}% 20
\BOOKMARK [1][-]{section.21}{\376\377\301\100\000\040\0001\0009\000:\000\040\274\364\254\340\301\034\306\251\000\040\306\224\305\175\000\040\262\350\254\304\000\040\305\110\260\264}{}% 21
\BOOKMARK [1][-]{section.22}{\376\377\301\100\000\040\0002\0000\000:\000\040\315\134\310\205\000\040\000s\000u\000m\000m\000a\000r\000y\000\040\315\234\270\045}{}% 22
\BOOKMARK [1][-]{section.23}{\376\377\274\364\254\340\301\034\305\320\000\040\304\370\000\040\265\114\000\040\325\165\302\354\000\040\323\354\307\170\322\270}{}% 23
