\BOOKMARK [1][-]{section.1}{\376\377\273\070\301\034\000\040\272\251\310\001}{}% 1
\BOOKMARK [1][-]{section.2}{\376\377\325\134\000\040\311\004\000\040\306\224\305\175}{}% 2
\BOOKMARK [1][-]{section.3}{\376\377\302\344\325\211\000\040\274\051\274\225}{}% 3
\BOOKMARK [1][-]{section.4}{\376\377\000P\000y\000T\000o\000r\000c\000h\000\040\000b\000a\000s\000e\000l\000i\000n\000e\254\374\000\040\000D\000e\000e\000p\000X\000D\000E\000\040\317\124\264\334\307\130\000\040\263\000\307\121}{}% 4
\BOOKMARK [1][-]{section.5}{\376\377\273\074\271\254\000\040\300\301\302\030\306\100\000\040\325\150\302\030\307\130\000\040\263\305\271\275\000\040\310\025\307\130}{}% 5
\BOOKMARK [2][-]{subsection.5.1}{\376\377\323\014\307\174\000\040\260\264\275\200\000\040\255\154\305\355}{section.5}% 6
\BOOKMARK [1][-]{section.6}{\376\377\000D\000e\000e\000p\000X\000D\000E\000\040\000b\000a\000c\000k\000e\000n\000d\000\040\301\044\310\025}{}% 7
\BOOKMARK [1][-]{section.7}{\376\377\305\221\302\030\000\040\323\014\267\174\273\370\321\060\000\040\314\230\271\254}{}% 8
\BOOKMARK [1][-]{section.8}{\376\377\000S\000y\000n\000t\000h\000e\000t\000i\000c\000\040\000s\000e\000n\000s\000o\000r\000\040\000d\000a\000t\000a}{}% 9
\BOOKMARK [1][-]{section.9}{\376\377\000D\000e\000e\000p\000X\000D\000E\000\040\000P\000D\000E\000\040\000r\000e\000s\000i\000d\000u\000a\000l}{}% 10
\BOOKMARK [1][-]{section.10}{\376\377\325\164\301\035\000\040\306\001\305\355}{}% 11
\BOOKMARK [1][-]{section.11}{\376\377\315\010\256\060\310\160\254\164}{}% 12
\BOOKMARK [1][-]{section.12}{\376\377\262\350\305\364\000\040\254\275\254\304\310\160\254\164}{}% 13
\BOOKMARK [1][-]{section.13}{\376\377\301\074\301\034\000\040\263\160\307\164\321\060\000\040\310\160\254\164}{}% 14
\BOOKMARK [1][-]{section.14}{\376\377\000T\000i\000m\000e\000P\000D\000E\000\040\263\160\307\164\321\060\000\040\254\035\314\264}{}% 15
\BOOKMARK [1][-]{section.15}{\376\377\302\340\254\275\271\335\000\040\255\154\310\160}{}% 16
\BOOKMARK [1][-]{section.16}{\376\377\325\131\302\265\000\040\302\344\325\211}{}% 17
\BOOKMARK [1][-]{section.17}{\376\377\325\131\302\265\000\040\254\260\254\374\000\040\315\234\270\045}{}% 18
\BOOKMARK [1][-]{section.18}{\376\377\272\205\270\071\325\211\000\040\307\170\307\220}{}% 19
\BOOKMARK [1][-]{section.19}{\376\377\326\004\307\254\000\040\000D\000e\000e\000p\000X\000D\000E\000\040\317\124\264\334\307\130\000\040\325\134\254\304}{}% 20
\BOOKMARK [1][-]{section.20}{\376\377\262\344\307\114\000\040\255\154\326\004\000\040\302\034\301\034}{}% 21
